2026-06-20 05:43:25 INFO  Refreshing org.springframework.context.annotation.AnnotationConfigApplicationContext@7b1d7fff: startup date [Sat Jun 20 05:43:25 EET 2026]; root of context hierarchy
2026-06-20 05:43:25 INFO  Loading XML bean definitions from class path resource [webgame/beans/server-beans.xml]
2026-06-20 05:43:25 INFO  Loading XML bean definitions from class path resource [webgame/beans/data-beans.xml]
2026-06-20 05:43:25 INFO  Loading XML bean definitions from class path resource [webgame/beans/service-beans.xml]
2026-06-20 05:43:25 INFO  Loading XML bean definitions from class path resource [webgame/beans/redis-beans.xml]
2026-06-20 05:43:26 INFO  Loading properties file from file [C:\XxSG\center\target\classes\webgame\props\mysql.properties]
2026-06-20 05:43:26 INFO  Loading properties file from file [C:\XxSG\center\target\classes\webgame\props\redis.properties]
2026-06-20 05:43:26 INFO  Loading properties file from file [C:\XxSG\center\target\classes\webgame\props\webgame.properties]
2026-06-20 05:43:28 WARN  Unknown channel option 'SO_KEEPALIVE' for channel '[id: 0x78f044e0]'
2026-06-20 05:43:28 WARN  Unknown channel option 'SO_KEEPALIVE' for channel '[id: 0x317358d9]'
2026-06-20 05:43:29 ERROR LogicRmiManager::publish rmi service url: {} rmi://127.0.0.1:19850/crossRankRMI 
2026-06-20 05:43:29 INFO  Using default implementation for ThreadExecutor
2026-06-20 05:43:29 INFO  Job execution threads will use class loader of thread: main
2026-06-20 05:43:29 INFO  Initialized Scheduler Signaller of type: class org.quartz.core.SchedulerSignalerImpl
2026-06-20 05:43:29 INFO  Quartz Scheduler v.2.3.0 created.
2026-06-20 05:43:29 INFO  RAMJobStore initialized.
2026-06-20 05:43:29 INFO  Scheduler meta-data: Quartz Scheduler (v2.3.0) 'DefaultQuartzScheduler' with instanceId 'NON_CLUSTERED'
  Scheduler class: 'org.quartz.core.QuartzScheduler' - running locally.
  NOT STARTED.
  Currently in standby mode.
  Number of jobs executed: 0
  Using thread pool 'org.quartz.simpl.SimpleThreadPool' - with 5 threads.
  Using job-store 'org.quartz.simpl.RAMJobStore' - which does not support persistence. and is not clustered.

2026-06-20 05:43:29 INFO  Quartz scheduler 'DefaultQuartzScheduler' initialized from default resource file in Quartz package: 'quartz.properties'
2026-06-20 05:43:29 INFO  Quartz scheduler version: 2.3.0
2026-06-20 05:43:29 ERROR class com.linlongyx.sanguo.webgame.quartz.QuartzManager ==========开启定时任务管理器================= 
2026-06-20 05:43:29 INFO  Scheduler DefaultQuartzScheduler_$_NON_CLUSTERED started.
2026-06-20 05:43:29 DEBUG batch acquisition of 0 triggers
2026-06-20 05:43:29 DEBUG batch acquisition of 0 triggers
2026-06-20 05:43:29 DEBUG batch acquisition of 0 triggers
2026-06-20 05:43:29 DEBUG batch acquisition of 0 triggers
2026-06-20 05:43:29 DEBUG batch acquisition of 0 triggers
2026-06-20 05:43:29 DEBUG batch acquisition of 0 triggers
2026-06-20 05:43:29 DEBUG batch acquisition of 0 triggers
2026-06-20 05:43:29 DEBUG batch acquisition of 0 triggers
2026-06-20 05:43:29 DEBUG batch acquisition of 0 triggers
2026-06-20 05:43:29 DEBUG batch acquisition of 0 triggers
2026-06-20 05:43:29 DEBUG batch acquisition of 0 triggers
2026-06-20 05:43:29 DEBUG batch acquisition of 0 triggers
2026-06-20 05:43:29 DEBUG batch acquisition of 0 triggers
2026-06-20 05:43:29 DEBUG batch acquisition of 0 triggers
2026-06-20 05:43:29 DEBUG batch acquisition of 0 triggers
2026-06-20 05:43:29 DEBUG batch acquisition of 0 triggers
2026-06-20 05:43:29 DEBUG batch acquisition of 0 triggers
2026-06-20 05:43:29 DEBUG batch acquisition of 0 triggers
2026-06-20 05:43:29 DEBUG batch acquisition of 0 triggers
2026-06-20 05:43:29 DEBUG batch acquisition of 0 triggers
2026-06-20 05:43:29 DEBUG batch acquisition of 0 triggers
2026-06-20 05:43:33 ERROR cross server starting 
2026-06-20 05:43:33 ERROR no match with id  20260615 in reids create new one 
2026-06-20 05:43:33 ERROR load cross rank data error: cross rank first open or last save error 
2026-06-20 05:43:33 ERROR last battle not exist 
2026-06-20 05:43:33 ERROR load cross race data error: cross race firsttime open or last save error 
2026-06-20 05:43:33 ERROR no towerMap with key  cross_tower in redis 
2026-06-20 05:43:33 ERROR no runewarCache with key  runewar_20260615 in redis, may be first load 
2026-06-20 05:43:33 ERROR readLocalCache over 
2026-06-20 05:43:33 ERROR cross server started  
2026-06-20 05:43:52 INFO  Refreshing org.springframework.context.annotation.AnnotationConfigApplicationContext@7b1d7fff: startup date [Sat Jun 20 05:43:52 EET 2026]; root of context hierarchy
2026-06-20 05:43:52 INFO  Loading XML bean definitions from class path resource [webgame/beans/server-beans.xml]
2026-06-20 05:43:53 INFO  Loading XML bean definitions from class path resource [webgame/beans/data-beans.xml]
2026-06-20 05:43:53 INFO  Loading XML bean definitions from class path resource [webgame/beans/service-beans.xml]
2026-06-20 05:43:53 INFO  Loading XML bean definitions from class path resource [webgame/beans/redis-beans.xml]
2026-06-20 05:43:53 INFO  Loading properties file from file [C:\XxSG\center\target\classes\webgame\props\mysql.properties]
2026-06-20 05:43:53 INFO  Loading properties file from file [C:\XxSG\center\target\classes\webgame\props\redis.properties]
2026-06-20 05:43:53 INFO  Loading properties file from file [C:\XxSG\center\target\classes\webgame\props\webgame.properties]
2026-06-20 05:43:55 WARN  Unknown channel option 'SO_KEEPALIVE' for channel '[id: 0x8aa73365]'
2026-06-20 05:43:55 WARN  Unknown channel option 'SO_KEEPALIVE' for channel '[id: 0x88652321]'
2026-06-20 05:43:56 ERROR LogicRmiManager::publish rmi service url: {} rmi://127.0.0.1:19850/crossRankRMI 
2026-06-20 05:43:56 INFO  Using default implementation for ThreadExecutor
2026-06-20 05:43:56 INFO  Job execution threads will use class loader of thread: main
2026-06-20 05:43:56 INFO  Initialized Scheduler Signaller of type: class org.quartz.core.SchedulerSignalerImpl
2026-06-20 05:43:56 INFO  Quartz Scheduler v.2.3.0 created.
2026-06-20 05:43:56 INFO  RAMJobStore initialized.
2026-06-20 05:43:56 INFO  Scheduler meta-data: Quartz Scheduler (v2.3.0) 'DefaultQuartzScheduler' with instanceId 'NON_CLUSTERED'
  Scheduler class: 'org.quartz.core.QuartzScheduler' - running locally.
  NOT STARTED.
  Currently in standby mode.
  Number of jobs executed: 0
  Using thread pool 'org.quartz.simpl.SimpleThreadPool' - with 5 threads.
  Using job-store 'org.quartz.simpl.RAMJobStore' - which does not support persistence. and is not clustered.

2026-06-20 05:43:56 INFO  Quartz scheduler 'DefaultQuartzScheduler' initialized from default resource file in Quartz package: 'quartz.properties'
2026-06-20 05:43:56 INFO  Quartz scheduler version: 2.3.0
2026-06-20 05:43:56 ERROR class com.linlongyx.sanguo.webgame.quartz.QuartzManager ==========开启定时任务管理器================= 
2026-06-20 05:43:56 INFO  Scheduler DefaultQuartzScheduler_$_NON_CLUSTERED started.
2026-06-20 05:43:56 DEBUG batch acquisition of 0 triggers
2026-06-20 05:43:56 DEBUG batch acquisition of 0 triggers
2026-06-20 05:43:56 DEBUG batch acquisition of 0 triggers
2026-06-20 05:43:56 DEBUG batch acquisition of 0 triggers
2026-06-20 05:43:56 DEBUG batch acquisition of 0 triggers
2026-06-20 05:43:56 DEBUG batch acquisition of 0 triggers
2026-06-20 05:43:56 DEBUG batch acquisition of 0 triggers
2026-06-20 05:43:56 DEBUG batch acquisition of 0 triggers
2026-06-20 05:43:56 DEBUG batch acquisition of 0 triggers
2026-06-20 05:43:56 DEBUG batch acquisition of 0 triggers
2026-06-20 05:43:56 DEBUG batch acquisition of 0 triggers
2026-06-20 05:43:56 DEBUG batch acquisition of 0 triggers
2026-06-20 05:43:56 DEBUG batch acquisition of 0 triggers
2026-06-20 05:43:56 DEBUG batch acquisition of 0 triggers
2026-06-20 05:43:56 DEBUG batch acquisition of 0 triggers
2026-06-20 05:43:56 DEBUG batch acquisition of 0 triggers
2026-06-20 05:43:56 DEBUG batch acquisition of 0 triggers
2026-06-20 05:43:56 DEBUG batch acquisition of 0 triggers
2026-06-20 05:43:56 DEBUG batch acquisition of 0 triggers
2026-06-20 05:43:56 DEBUG batch acquisition of 0 triggers
2026-06-20 05:43:56 DEBUG batch acquisition of 0 triggers
2026-06-20 05:43:56 DEBUG batch acquisition of 0 triggers
2026-06-20 05:43:56 DEBUG batch acquisition of 0 triggers
2026-06-20 05:44:00 ERROR cross server starting 
2026-06-20 05:44:00 ERROR no match with id  20260615 in reids create new one 
2026-06-20 05:44:00 ERROR load cross rank data error: cross rank first open or last save error 
2026-06-20 05:44:00 ERROR last battle not exist 
2026-06-20 05:44:00 ERROR load cross race data error: cross race firsttime open or last save error 
2026-06-20 05:44:00 ERROR no towerMap with key  cross_tower in redis 
2026-06-20 05:44:00 ERROR no runewarCache with key  runewar_20260615 in redis, may be first load 
2026-06-20 05:44:00 ERROR readLocalCache over 
2026-06-20 05:44:00 ERROR cross server started  
2026-06-20 05:44:22 DEBUG batch acquisition of 0 triggers
2026-06-20 05:47:22 INFO  Refreshing org.springframework.context.annotation.AnnotationConfigApplicationContext@7b1d7fff: startup date [Sat Jun 20 05:47:22 EET 2026]; root of context hierarchy
2026-06-20 05:47:22 INFO  Loading XML bean definitions from class path resource [webgame/beans/server-beans.xml]
2026-06-20 05:47:22 INFO  Loading XML bean definitions from class path resource [webgame/beans/data-beans.xml]
2026-06-20 05:47:22 INFO  Loading XML bean definitions from class path resource [webgame/beans/service-beans.xml]
2026-06-20 05:47:22 INFO  Loading XML bean definitions from class path resource [webgame/beans/redis-beans.xml]
2026-06-20 05:47:22 INFO  Loading properties file from file [C:\XxSG\center\target\classes\webgame\props\mysql.properties]
2026-06-20 05:47:22 INFO  Loading properties file from file [C:\XxSG\center\target\classes\webgame\props\redis.properties]
2026-06-20 05:47:22 INFO  Loading properties file from file [C:\XxSG\center\target\classes\webgame\props\webgame.properties]
2026-06-20 05:47:24 WARN  Unknown channel option 'SO_KEEPALIVE' for channel '[id: 0x0209064c]'
2026-06-20 05:47:24 WARN  Unknown channel option 'SO_KEEPALIVE' for channel '[id: 0x1397b355]'
2026-06-20 05:47:25 ERROR LogicRmiManager::publish rmi service url: {} rmi://127.0.0.1:19850/crossRankRMI 
2026-06-20 05:47:25 INFO  Using default implementation for ThreadExecutor
2026-06-20 05:47:25 INFO  Job execution threads will use class loader of thread: main
2026-06-20 05:47:25 INFO  Initialized Scheduler Signaller of type: class org.quartz.core.SchedulerSignalerImpl
2026-06-20 05:47:25 INFO  Quartz Scheduler v.2.3.0 created.
2026-06-20 05:47:25 INFO  RAMJobStore initialized.
2026-06-20 05:47:25 INFO  Scheduler meta-data: Quartz Scheduler (v2.3.0) 'DefaultQuartzScheduler' with instanceId 'NON_CLUSTERED'
  Scheduler class: 'org.quartz.core.QuartzScheduler' - running locally.
  NOT STARTED.
  Currently in standby mode.
  Number of jobs executed: 0
  Using thread pool 'org.quartz.simpl.SimpleThreadPool' - with 5 threads.
  Using job-store 'org.quartz.simpl.RAMJobStore' - which does not support persistence. and is not clustered.

2026-06-20 05:47:25 INFO  Quartz scheduler 'DefaultQuartzScheduler' initialized from default resource file in Quartz package: 'quartz.properties'
2026-06-20 05:47:25 INFO  Quartz scheduler version: 2.3.0
2026-06-20 05:47:25 ERROR class com.linlongyx.sanguo.webgame.quartz.QuartzManager ==========开启定时任务管理器================= 
2026-06-20 05:47:25 INFO  Scheduler DefaultQuartzScheduler_$_NON_CLUSTERED started.
2026-06-20 05:47:25 DEBUG batch acquisition of 0 triggers
2026-06-20 05:47:25 DEBUG batch acquisition of 0 triggers
2026-06-20 05:47:25 DEBUG batch acquisition of 0 triggers
2026-06-20 05:47:25 DEBUG batch acquisition of 0 triggers
2026-06-20 05:47:25 DEBUG batch acquisition of 0 triggers
2026-06-20 05:47:25 DEBUG batch acquisition of 0 triggers
2026-06-20 05:47:25 DEBUG batch acquisition of 0 triggers
2026-06-20 05:47:25 DEBUG batch acquisition of 0 triggers
2026-06-20 05:47:25 DEBUG batch acquisition of 0 triggers
2026-06-20 05:47:25 DEBUG batch acquisition of 0 triggers
2026-06-20 05:47:25 DEBUG batch acquisition of 0 triggers
2026-06-20 05:47:25 DEBUG batch acquisition of 0 triggers
2026-06-20 05:47:29 ERROR cross server starting 
2026-06-20 05:47:29 ERROR no match with id  20260615 in reids create new one 
2026-06-20 05:47:29 ERROR load cross rank data error: cross rank first open or last save error 
2026-06-20 05:47:29 ERROR last battle not exist 
2026-06-20 05:47:29 ERROR load cross race data error: cross race firsttime open or last save error 
2026-06-20 05:47:29 ERROR no towerMap with key  cross_tower in redis 
2026-06-20 05:47:29 ERROR no runewarCache with key  runewar_20260615 in redis, may be first load 
2026-06-20 05:47:29 ERROR readLocalCache over 
2026-06-20 05:47:29 ERROR cross server started  
2026-06-20 05:47:31 ERROR LogicRmiManager::lookUpLogicRmi:success lookup logic battle rmi serverId=10000,rmiUrl=rmi://127.0.0.1:17003/crossRankLogicRMI 
2026-06-20 05:47:51 DEBUG batch acquisition of 1 triggers
2026-06-20 05:48:00 DEBUG Producing instance of Job 'sanguo-job-group.destiny-retry-reward', class=com.linlongyx.sanguo.webgame.quartz.job.RetryRewardJob
2026-06-20 05:48:00 DEBUG Calling execute on job sanguo-job-group.destiny-retry-reward
2026-06-20 05:48:00 DEBUG batch acquisition of 0 triggers
2026-06-20 05:48:23 DEBUG batch acquisition of 0 triggers
2026-06-20 05:48:50 DEBUG batch acquisition of 0 triggers
2026-06-20 05:49:17 DEBUG batch acquisition of 0 triggers
2026-06-20 05:49:47 DEBUG batch acquisition of 1 triggers
2026-06-20 05:50:00 DEBUG Producing instance of Job 'sanguo-job-group.destiny-refresh-rank', class=com.linlongyx.sanguo.webgame.quartz.job.RefreshRankJob
2026-06-20 05:50:00 DEBUG Calling execute on job sanguo-job-group.destiny-refresh-rank
2026-06-20 05:50:00 DEBUG batch acquisition of 0 triggers
2026-06-20 05:50:24 DEBUG batch acquisition of 0 triggers
2026-06-20 05:50:50 DEBUG batch acquisition of 1 triggers
2026-06-20 05:51:00 DEBUG Producing instance of Job 'sanguo-job-group.destiny-retry-reward', class=com.linlongyx.sanguo.webgame.quartz.job.RetryRewardJob
2026-06-20 05:51:00 DEBUG Calling execute on job sanguo-job-group.destiny-retry-reward
2026-06-20 05:51:00 DEBUG batch acquisition of 0 triggers
2026-06-20 05:51:28 DEBUG batch acquisition of 0 triggers
2026-06-20 05:51:53 DEBUG batch acquisition of 0 triggers
2026-06-20 05:52:21 DEBUG batch acquisition of 0 triggers
2026-06-20 05:52:46 DEBUG batch acquisition of 0 triggers
2026-06-20 05:53:11 DEBUG batch acquisition of 0 triggers
2026-06-20 05:53:40 DEBUG batch acquisition of 1 triggers
2026-06-20 05:54:00 DEBUG Producing instance of Job 'sanguo-job-group.destiny-retry-reward', class=com.linlongyx.sanguo.webgame.quartz.job.RetryRewardJob
2026-06-20 05:54:00 DEBUG batch acquisition of 0 triggers
2026-06-20 05:54:00 DEBUG Calling execute on job sanguo-job-group.destiny-retry-reward
2026-06-20 05:54:28 DEBUG batch acquisition of 0 triggers
2026-06-20 05:54:58 DEBUG batch acquisition of 1 triggers
2026-06-20 05:55:00 DEBUG Producing instance of Job 'sanguo-job-group.destiny-refresh-rank', class=com.linlongyx.sanguo.webgame.quartz.job.RefreshRankJob
2026-06-20 05:55:00 DEBUG Calling execute on job sanguo-job-group.destiny-refresh-rank
2026-06-20 05:55:00 DEBUG batch acquisition of 0 triggers
2026-06-20 05:55:25 DEBUG batch acquisition of 0 triggers
2026-06-20 05:55:48 DEBUG batch acquisition of 0 triggers
2026-06-20 05:56:12 DEBUG batch acquisition of 0 triggers
2026-06-20 05:56:38 DEBUG batch acquisition of 1 triggers
2026-06-20 05:57:00 DEBUG Producing instance of Job 'sanguo-job-group.destiny-retry-reward', class=com.linlongyx.sanguo.webgame.quartz.job.RetryRewardJob
2026-06-20 05:57:00 DEBUG Calling execute on job sanguo-job-group.destiny-retry-reward
2026-06-20 05:57:00 DEBUG batch acquisition of 0 triggers
2026-06-20 05:57:28 DEBUG batch acquisition of 0 triggers
2026-06-20 05:57:54 DEBUG batch acquisition of 0 triggers
2026-06-20 05:58:23 DEBUG batch acquisition of 0 triggers
2026-06-20 05:58:48 DEBUG batch acquisition of 0 triggers
2026-06-20 05:59:18 DEBUG batch acquisition of 0 triggers
2026-06-20 05:59:44 DEBUG batch acquisition of 1 triggers
2026-06-20 06:00:00 DEBUG Producing instance of Job 'sanguo-job-group.destiny-refresh-rank', class=com.linlongyx.sanguo.webgame.quartz.job.RefreshRankJob
2026-06-20 06:00:00 DEBUG Calling execute on job sanguo-job-group.destiny-refresh-rank
2026-06-20 06:00:00 DEBUG batch acquisition of 1 triggers
2026-06-20 06:00:00 DEBUG Producing instance of Job 'sanguo-job-group.destiny-retry-reward', class=com.linlongyx.sanguo.webgame.quartz.job.RetryRewardJob
2026-06-20 06:00:00 DEBUG Calling execute on job sanguo-job-group.destiny-retry-reward
2026-06-20 06:00:00 DEBUG batch acquisition of 0 triggers
2026-06-20 06:00:25 DEBUG batch acquisition of 0 triggers
2026-06-20 06:00:52 DEBUG batch acquisition of 0 triggers
2026-06-20 06:01:16 DEBUG batch acquisition of 0 triggers
2026-06-20 06:01:40 DEBUG batch acquisition of 0 triggers
2026-06-20 06:02:10 DEBUG batch acquisition of 0 triggers
2026-06-20 06:02:37 DEBUG batch acquisition of 1 triggers
2026-06-20 06:03:00 DEBUG Producing instance of Job 'sanguo-job-group.destiny-retry-reward', class=com.linlongyx.sanguo.webgame.quartz.job.RetryRewardJob
2026-06-20 06:03:00 DEBUG Calling execute on job sanguo-job-group.destiny-retry-reward
2026-06-20 06:03:00 DEBUG batch acquisition of 0 triggers
2026-06-20 06:03:28 DEBUG batch acquisition of 0 triggers
2026-06-20 06:03:58 DEBUG batch acquisition of 0 triggers
2026-06-20 06:04:24 DEBUG batch acquisition of 0 triggers
2026-06-20 06:04:52 DEBUG batch acquisition of 1 triggers
2026-06-20 06:05:00 DEBUG Producing instance of Job 'sanguo-job-group.destiny-refresh-rank', class=com.linlongyx.sanguo.webgame.quartz.job.RefreshRankJob
2026-06-20 06:05:00 DEBUG Calling execute on job sanguo-job-group.destiny-refresh-rank
2026-06-20 06:05:00 DEBUG batch acquisition of 0 triggers
2026-06-20 06:05:28 DEBUG batch acquisition of 0 triggers
2026-06-20 06:05:57 DEBUG batch acquisition of 1 triggers
2026-06-20 06:06:00 DEBUG Producing instance of Job 'sanguo-job-group.destiny-retry-reward', class=com.linlongyx.sanguo.webgame.quartz.job.RetryRewardJob
2026-06-20 06:06:00 DEBUG Calling execute on job sanguo-job-group.destiny-retry-reward
2026-06-20 06:06:00 DEBUG batch acquisition of 0 triggers
2026-06-20 06:06:25 DEBUG batch acquisition of 0 triggers
2026-06-20 06:06:55 DEBUG batch acquisition of 0 triggers
2026-06-20 06:07:25 DEBUG batch acquisition of 0 triggers
2026-06-20 06:07:53 DEBUG batch acquisition of 0 triggers
2026-06-20 06:08:19 DEBUG batch acquisition of 0 triggers
2026-06-20 06:08:47 DEBUG batch acquisition of 1 triggers
2026-06-20 06:09:00 DEBUG Producing instance of Job 'sanguo-job-group.destiny-retry-reward', class=com.linlongyx.sanguo.webgame.quartz.job.RetryRewardJob
2026-06-20 06:09:00 DEBUG Calling execute on job sanguo-job-group.destiny-retry-reward
2026-06-20 06:09:00 DEBUG batch acquisition of 0 triggers
2026-06-20 06:09:26 DEBUG batch acquisition of 0 triggers
2026-06-20 06:09:56 DEBUG batch acquisition of 1 triggers
2026-06-20 06:10:00 DEBUG Producing instance of Job 'sanguo-job-group.destiny-refresh-rank', class=com.linlongyx.sanguo.webgame.quartz.job.RefreshRankJob
2026-06-20 06:10:00 DEBUG Calling execute on job sanguo-job-group.destiny-refresh-rank
2026-06-20 06:10:00 DEBUG batch acquisition of 0 triggers
2026-06-20 06:10:24 DEBUG batch acquisition of 0 triggers
2026-06-20 06:10:43 INFO  Refreshing org.springframework.context.annotation.AnnotationConfigApplicationContext@7b1d7fff: startup date [Sat Jun 20 06:10:43 EET 2026]; root of context hierarchy
2026-06-20 06:10:43 INFO  Loading XML bean definitions from class path resource [webgame/beans/server-beans.xml]
2026-06-20 06:10:44 INFO  Loading XML bean definitions from class path resource [webgame/beans/data-beans.xml]
2026-06-20 06:10:44 INFO  Loading XML bean definitions from class path resource [webgame/beans/service-beans.xml]
2026-06-20 06:10:44 INFO  Loading XML bean definitions from class path resource [webgame/beans/redis-beans.xml]
2026-06-20 06:10:44 INFO  Loading properties file from file [C:\XxSG\center\target\classes\webgame\props\mysql.properties]
2026-06-20 06:10:44 INFO  Loading properties file from file [C:\XxSG\center\target\classes\webgame\props\redis.properties]
2026-06-20 06:10:44 INFO  Loading properties file from file [C:\XxSG\center\target\classes\webgame\props\webgame.properties]
2026-06-20 06:10:50 WARN  Unknown channel option 'SO_KEEPALIVE' for channel '[id: 0x0c0e22d7]'
2026-06-20 06:10:50 WARN  Unknown channel option 'SO_KEEPALIVE' for channel '[id: 0x71ac968f]'
2026-06-20 06:10:50 ERROR LogicRmiManager::publish rmi service url: {} rmi://127.0.0.1:19850/crossRankRMI 
2026-06-20 06:10:51 INFO  Using default implementation for ThreadExecutor
2026-06-20 06:10:51 INFO  Job execution threads will use class loader of thread: main
2026-06-20 06:10:51 INFO  Initialized Scheduler Signaller of type: class org.quartz.core.SchedulerSignalerImpl
2026-06-20 06:10:51 INFO  Quartz Scheduler v.2.3.0 created.
2026-06-20 06:10:51 INFO  RAMJobStore initialized.
2026-06-20 06:10:51 INFO  Scheduler meta-data: Quartz Scheduler (v2.3.0) 'DefaultQuartzScheduler' with instanceId 'NON_CLUSTERED'
  Scheduler class: 'org.quartz.core.QuartzScheduler' - running locally.
  NOT STARTED.
  Currently in standby mode.
  Number of jobs executed: 0
  Using thread pool 'org.quartz.simpl.SimpleThreadPool' - with 5 threads.
  Using job-store 'org.quartz.simpl.RAMJobStore' - which does not support persistence. and is not clustered.

2026-06-20 06:10:51 INFO  Quartz scheduler 'DefaultQuartzScheduler' initialized from default resource file in Quartz package: 'quartz.properties'
2026-06-20 06:10:51 INFO  Quartz scheduler version: 2.3.0
2026-06-20 06:10:51 ERROR class com.linlongyx.sanguo.webgame.quartz.QuartzManager ==========开启定时任务管理器================= 
2026-06-20 06:10:51 INFO  Scheduler DefaultQuartzScheduler_$_NON_CLUSTERED started.
2026-06-20 06:10:51 DEBUG batch acquisition of 0 triggers
2026-06-20 06:10:51 DEBUG batch acquisition of 0 triggers
2026-06-20 06:10:51 DEBUG batch acquisition of 0 triggers
2026-06-20 06:10:51 DEBUG batch acquisition of 0 triggers
2026-06-20 06:10:51 DEBUG batch acquisition of 0 triggers
2026-06-20 06:10:55 ERROR LogicRmiManager::lookUpLogicRmi:success lookup logic battle rmi serverId=10000,rmiUrl=rmi://127.0.0.1:17003/crossRankLogicRMI 
2026-06-20 06:10:59 ERROR cross server starting 
2026-06-20 06:11:00 ERROR load cross rank data error: cross rank first open or last save error 
2026-06-20 06:11:00 ERROR last battle not exist 
2026-06-20 06:11:00 ERROR load cross race data error: cross race firsttime open or last save error 
2026-06-20 06:11:00 ERROR no towerMap with key  cross_tower in redis 
2026-06-20 06:11:00 ERROR no runewarCache with key  runewar_20260615 in redis, may be first load 
2026-06-20 06:11:00 ERROR readLocalCache over 
2026-06-20 06:11:00 ERROR cross server started  
2026-06-20 06:11:16 DEBUG batch acquisition of 0 triggers
2026-06-20 06:11:43 DEBUG batch acquisition of 1 triggers
2026-06-20 06:12:00 DEBUG Producing instance of Job 'sanguo-job-group.destiny-retry-reward', class=com.linlongyx.sanguo.webgame.quartz.job.RetryRewardJob
2026-06-20 06:12:00 DEBUG batch acquisition of 0 triggers
2026-06-20 06:12:00 DEBUG Calling execute on job sanguo-job-group.destiny-retry-reward
2026-06-20 06:12:24 DEBUG batch acquisition of 0 triggers
2026-06-20 06:12:50 DEBUG batch acquisition of 0 triggers
2026-06-20 06:13:15 DEBUG batch acquisition of 0 triggers
2026-06-20 06:13:38 INFO  Refreshing org.springframework.context.annotation.AnnotationConfigApplicationContext@7b1d7fff: startup date [Sat Jun 20 06:13:38 EET 2026]; root of context hierarchy
2026-06-20 06:13:38 INFO  Loading XML bean definitions from class path resource [webgame/beans/server-beans.xml]
2026-06-20 06:13:38 INFO  Loading XML bean definitions from class path resource [webgame/beans/data-beans.xml]
2026-06-20 06:13:38 INFO  Loading XML bean definitions from class path resource [webgame/beans/service-beans.xml]
2026-06-20 06:13:38 INFO  Loading XML bean definitions from class path resource [webgame/beans/redis-beans.xml]
2026-06-20 06:13:38 INFO  Loading properties file from file [C:\XxSG\center\target\classes\webgame\props\mysql.properties]
2026-06-20 06:13:38 INFO  Loading properties file from file [C:\XxSG\center\target\classes\webgame\props\redis.properties]
2026-06-20 06:13:38 INFO  Loading properties file from file [C:\XxSG\center\target\classes\webgame\props\webgame.properties]
2026-06-20 06:13:44 WARN  Unknown channel option 'SO_KEEPALIVE' for channel '[id: 0xb0f14b71]'
2026-06-20 06:13:44 WARN  Unknown channel option 'SO_KEEPALIVE' for channel '[id: 0xc1b10f47]'
2026-06-20 06:13:45 ERROR LogicRmiManager::publish rmi service url: {} rmi://127.0.0.1:19850/crossRankRMI 
2026-06-20 06:13:45 INFO  Using default implementation for ThreadExecutor
2026-06-20 06:13:45 INFO  Job execution threads will use class loader of thread: main
2026-06-20 06:13:45 INFO  Initialized Scheduler Signaller of type: class org.quartz.core.SchedulerSignalerImpl
2026-06-20 06:13:45 INFO  Quartz Scheduler v.2.3.0 created.
2026-06-20 06:13:45 INFO  RAMJobStore initialized.
2026-06-20 06:13:45 INFO  Scheduler meta-data: Quartz Scheduler (v2.3.0) 'DefaultQuartzScheduler' with instanceId 'NON_CLUSTERED'
  Scheduler class: 'org.quartz.core.QuartzScheduler' - running locally.
  NOT STARTED.
  Currently in standby mode.
  Number of jobs executed: 0
  Using thread pool 'org.quartz.simpl.SimpleThreadPool' - with 5 threads.
  Using job-store 'org.quartz.simpl.RAMJobStore' - which does not support persistence. and is not clustered.

2026-06-20 06:13:45 INFO  Quartz scheduler 'DefaultQuartzScheduler' initialized from default resource file in Quartz package: 'quartz.properties'
2026-06-20 06:13:45 INFO  Quartz scheduler version: 2.3.0
2026-06-20 06:13:45 ERROR class com.linlongyx.sanguo.webgame.quartz.QuartzManager ==========开启定时任务管理器================= 
2026-06-20 06:13:45 INFO  Scheduler DefaultQuartzScheduler_$_NON_CLUSTERED started.
2026-06-20 06:13:45 DEBUG batch acquisition of 0 triggers
2026-06-20 06:13:45 DEBUG batch acquisition of 0 triggers
2026-06-20 06:13:45 DEBUG batch acquisition of 0 triggers
2026-06-20 06:13:50 ERROR LogicRmiManager::lookUpLogicRmi:success lookup logic battle rmi serverId=10000,rmiUrl=rmi://127.0.0.1:17003/crossRankLogicRMI 
2026-06-20 06:13:50 ERROR LogicRmiManager::lookUpLogicRmi:success lookup logic battle rmi serverId=10001,rmiUrl=rmi://127.0.0.1:17005/crossRankLogicRMI 
2026-06-20 06:13:53 ERROR cross server starting 
2026-06-20 06:13:54 ERROR load cross rank data error: cross rank first open or last save error 
2026-06-20 06:13:54 ERROR last battle not exist 
2026-06-20 06:13:54 ERROR load cross race data error: cross race firsttime open or last save error 
2026-06-20 06:13:54 ERROR no towerMap with key  cross_tower in redis 
2026-06-20 06:13:55 ERROR no runewarCache with key  runewar_20260615 in redis, may be first load 
2026-06-20 06:13:55 ERROR readLocalCache over 
2026-06-20 06:13:55 ERROR cross server started  
2026-06-20 06:14:11 DEBUG batch acquisition of 0 triggers
2026-06-20 06:14:39 DEBUG batch acquisition of 1 triggers
2026-06-20 06:15:00 DEBUG Producing instance of Job 'sanguo-job-group.destiny-refresh-rank', class=com.linlongyx.sanguo.webgame.quartz.job.RefreshRankJob
2026-06-20 06:15:00 DEBUG batch acquisition of 1 triggers
2026-06-20 06:15:00 DEBUG Calling execute on job sanguo-job-group.destiny-refresh-rank
2026-06-20 06:15:00 DEBUG Producing instance of Job 'sanguo-job-group.destiny-retry-reward', class=com.linlongyx.sanguo.webgame.quartz.job.RetryRewardJob
2026-06-20 06:15:00 DEBUG batch acquisition of 0 triggers
2026-06-20 06:15:00 DEBUG Calling execute on job sanguo-job-group.destiny-retry-reward
2026-06-20 06:15:24 DEBUG batch acquisition of 0 triggers
2026-06-20 06:15:50 DEBUG batch acquisition of 0 triggers
2026-06-20 06:16:15 DEBUG batch acquisition of 0 triggers
2026-06-20 06:16:39 DEBUG batch acquisition of 0 triggers
2026-06-20 06:17:03 DEBUG batch acquisition of 0 triggers
2026-06-20 06:17:33 DEBUG batch acquisition of 1 triggers
2026-06-20 06:18:00 DEBUG Producing instance of Job 'sanguo-job-group.destiny-retry-reward', class=com.linlongyx.sanguo.webgame.quartz.job.RetryRewardJob
2026-06-20 06:18:00 DEBUG Calling execute on job sanguo-job-group.destiny-retry-reward
2026-06-20 06:18:00 DEBUG batch acquisition of 0 triggers
2026-06-20 06:18:26 DEBUG batch acquisition of 0 triggers
2026-06-20 06:18:50 DEBUG batch acquisition of 0 triggers
2026-06-20 06:19:14 DEBUG batch acquisition of 0 triggers
2026-06-20 06:19:44 DEBUG batch acquisition of 1 triggers
2026-06-20 06:20:00 DEBUG Producing instance of Job 'sanguo-job-group.destiny-refresh-rank', class=com.linlongyx.sanguo.webgame.quartz.job.RefreshRankJob
2026-06-20 06:20:00 DEBUG Calling execute on job sanguo-job-group.destiny-refresh-rank
2026-06-20 06:20:00 DEBUG batch acquisition of 0 triggers
2026-06-20 06:20:28 DEBUG batch acquisition of 0 triggers
2026-06-20 06:20:56 DEBUG batch acquisition of 1 triggers
2026-06-20 06:21:00 DEBUG Producing instance of Job 'sanguo-job-group.destiny-retry-reward', class=com.linlongyx.sanguo.webgame.quartz.job.RetryRewardJob
2026-06-20 06:21:00 DEBUG batch acquisition of 0 triggers
2026-06-20 06:21:00 DEBUG Calling execute on job sanguo-job-group.destiny-retry-reward
2026-06-20 06:21:45 INFO  Refreshing org.springframework.context.annotation.AnnotationConfigApplicationContext@7b1d7fff: startup date [Sat Jun 20 06:21:45 EET 2026]; root of context hierarchy
2026-06-20 06:21:45 INFO  Loading XML bean definitions from class path resource [webgame/beans/server-beans.xml]
2026-06-20 06:21:45 INFO  Loading XML bean definitions from class path resource [webgame/beans/data-beans.xml]
2026-06-20 06:21:45 INFO  Loading XML bean definitions from class path resource [webgame/beans/service-beans.xml]
2026-06-20 06:21:45 INFO  Loading XML bean definitions from class path resource [webgame/beans/redis-beans.xml]
2026-06-20 06:21:45 INFO  Loading properties file from file [C:\XxSG\center\target\classes\webgame\props\mysql.properties]
2026-06-20 06:21:45 INFO  Loading properties file from file [C:\XxSG\center\target\classes\webgame\props\redis.properties]
2026-06-20 06:21:45 INFO  Loading properties file from file [C:\XxSG\center\target\classes\webgame\props\webgame.properties]
2026-06-20 06:21:49 WARN  Unknown channel option 'SO_KEEPALIVE' for channel '[id: 0xe7c76b53]'
2026-06-20 06:21:49 WARN  Unknown channel option 'SO_KEEPALIVE' for channel '[id: 0x49081a92]'
2026-06-20 06:21:50 ERROR LogicRmiManager::publish rmi service url: {} rmi://127.0.0.1:19850/crossRankRMI 
2026-06-20 06:21:50 INFO  Using default implementation for ThreadExecutor
2026-06-20 06:21:50 INFO  Job execution threads will use class loader of thread: main
2026-06-20 06:21:50 INFO  Initialized Scheduler Signaller of type: class org.quartz.core.SchedulerSignalerImpl
2026-06-20 06:21:50 INFO  Quartz Scheduler v.2.3.0 created.
2026-06-20 06:21:50 INFO  RAMJobStore initialized.
2026-06-20 06:21:50 INFO  Scheduler meta-data: Quartz Scheduler (v2.3.0) 'DefaultQuartzScheduler' with instanceId 'NON_CLUSTERED'
  Scheduler class: 'org.quartz.core.QuartzScheduler' - running locally.
  NOT STARTED.
  Currently in standby mode.
  Number of jobs executed: 0
  Using thread pool 'org.quartz.simpl.SimpleThreadPool' - with 5 threads.
  Using job-store 'org.quartz.simpl.RAMJobStore' - which does not support persistence. and is not clustered.

2026-06-20 06:21:50 INFO  Quartz scheduler 'DefaultQuartzScheduler' initialized from default resource file in Quartz package: 'quartz.properties'
2026-06-20 06:21:50 INFO  Quartz scheduler version: 2.3.0
2026-06-20 06:21:50 ERROR class com.linlongyx.sanguo.webgame.quartz.QuartzManager ==========开启定时任务管理器================= 
2026-06-20 06:21:50 INFO  Scheduler DefaultQuartzScheduler_$_NON_CLUSTERED started.
2026-06-20 06:21:50 DEBUG batch acquisition of 0 triggers
2026-06-20 06:21:50 DEBUG batch acquisition of 0 triggers
2026-06-20 06:21:50 DEBUG batch acquisition of 0 triggers
2026-06-20 06:21:50 DEBUG batch acquisition of 0 triggers
2026-06-20 06:21:50 DEBUG batch acquisition of 0 triggers
2026-06-20 06:21:50 DEBUG batch acquisition of 0 triggers
2026-06-20 06:21:50 DEBUG batch acquisition of 0 triggers
2026-06-20 06:21:50 DEBUG batch acquisition of 0 triggers
2026-06-20 06:21:50 DEBUG batch acquisition of 0 triggers
2026-06-20 06:21:50 DEBUG batch acquisition of 0 triggers
2026-06-20 06:21:50 DEBUG batch acquisition of 0 triggers
2026-06-20 06:21:50 DEBUG batch acquisition of 0 triggers
2026-06-20 06:21:50 DEBUG batch acquisition of 0 triggers
2026-06-20 06:21:50 DEBUG batch acquisition of 0 triggers
2026-06-20 06:21:50 DEBUG batch acquisition of 0 triggers
2026-06-20 06:21:50 DEBUG batch acquisition of 0 triggers
2026-06-20 06:21:50 DEBUG batch acquisition of 0 triggers
2026-06-20 06:21:50 DEBUG batch acquisition of 0 triggers
2026-06-20 06:21:50 DEBUG batch acquisition of 0 triggers
2026-06-20 06:21:50 DEBUG batch acquisition of 0 triggers
2026-06-20 06:21:53 ERROR LogicRmiManager::lookUpLogicRmi:success lookup logic battle rmi serverId=10000,rmiUrl=rmi://127.0.0.1:17003/crossRankLogicRMI 
2026-06-20 06:21:56 ERROR cross server starting 
2026-06-20 06:21:56 ERROR load cross rank data error: cross rank first open or last save error 
2026-06-20 06:21:56 ERROR last battle not exist 
2026-06-20 06:21:56 ERROR load cross race data error: cross race firsttime open or last save error 
2026-06-20 06:21:56 ERROR no towerMap with key  cross_tower in redis 
2026-06-20 06:21:56 ERROR no runewarCache with key  runewar_20260615 in redis, may be first load 
2026-06-20 06:21:56 ERROR readLocalCache over 
2026-06-20 06:21:56 ERROR cross server started  
2026-06-20 06:21:56 ERROR LogicRmiManager::lookUpLogicRmi:success lookup logic battle rmi serverId=10001,rmiUrl=rmi://127.0.0.1:17005/crossRankLogicRMI 
2026-06-20 06:22:18 DEBUG batch acquisition of 0 triggers
2026-06-20 06:22:46 DEBUG batch acquisition of 0 triggers
2026-06-20 06:23:09 DEBUG batch acquisition of 0 triggers
2026-06-20 06:23:38 DEBUG batch acquisition of 1 triggers
2026-06-20 06:24:00 DEBUG Producing instance of Job 'sanguo-job-group.destiny-retry-reward', class=com.linlongyx.sanguo.webgame.quartz.job.RetryRewardJob
2026-06-20 06:24:00 DEBUG batch acquisition of 0 triggers
2026-06-20 06:24:00 DEBUG Calling execute on job sanguo-job-group.destiny-retry-reward
2026-06-20 06:24:23 DEBUG batch acquisition of 0 triggers
2026-06-20 06:24:49 DEBUG batch acquisition of 1 triggers
2026-06-20 06:25:00 DEBUG Producing instance of Job 'sanguo-job-group.destiny-refresh-rank', class=com.linlongyx.sanguo.webgame.quartz.job.RefreshRankJob
2026-06-20 06:25:00 DEBUG batch acquisition of 0 triggers
2026-06-20 06:25:00 DEBUG Calling execute on job sanguo-job-group.destiny-refresh-rank
2026-06-20 06:25:28 DEBUG batch acquisition of 0 triggers
2026-06-20 06:25:56 DEBUG batch acquisition of 0 triggers
2026-06-20 06:26:19 DEBUG batch acquisition of 0 triggers
2026-06-20 06:26:44 DEBUG batch acquisition of 1 triggers
2026-06-20 06:27:00 DEBUG Producing instance of Job 'sanguo-job-group.destiny-retry-reward', class=com.linlongyx.sanguo.webgame.quartz.job.RetryRewardJob
2026-06-20 06:27:00 DEBUG Calling execute on job sanguo-job-group.destiny-retry-reward
2026-06-20 06:27:00 DEBUG batch acquisition of 0 triggers
2026-06-20 06:27:28 DEBUG batch acquisition of 0 triggers
2026-06-20 06:27:57 DEBUG batch acquisition of 0 triggers
2026-06-20 06:28:26 DEBUG batch acquisition of 0 triggers
2026-06-20 06:28:53 DEBUG batch acquisition of 0 triggers
2026-06-20 06:29:21 DEBUG batch acquisition of 0 triggers
2026-06-20 06:29:47 DEBUG batch acquisition of 1 triggers
2026-06-20 06:30:00 DEBUG Producing instance of Job 'sanguo-job-group.destiny-refresh-rank', class=com.linlongyx.sanguo.webgame.quartz.job.RefreshRankJob
2026-06-20 06:30:00 DEBUG Calling execute on job sanguo-job-group.destiny-refresh-rank
2026-06-20 06:30:00 DEBUG batch acquisition of 1 triggers
2026-06-20 06:30:00 DEBUG Producing instance of Job 'sanguo-job-group.destiny-retry-reward', class=com.linlongyx.sanguo.webgame.quartz.job.RetryRewardJob
2026-06-20 06:30:00 DEBUG batch acquisition of 0 triggers
2026-06-20 06:30:00 DEBUG Calling execute on job sanguo-job-group.destiny-retry-reward
2026-06-20 06:30:25 DEBUG batch acquisition of 0 triggers
2026-06-20 06:30:55 DEBUG batch acquisition of 0 triggers
2026-06-20 06:31:24 DEBUG batch acquisition of 0 triggers
2026-06-20 06:31:50 DEBUG batch acquisition of 0 triggers
2026-06-20 06:32:20 DEBUG batch acquisition of 0 triggers
2026-06-20 06:32:50 DEBUG batch acquisition of 1 triggers
2026-06-20 06:33:00 DEBUG Producing instance of Job 'sanguo-job-group.destiny-retry-reward', class=com.linlongyx.sanguo.webgame.quartz.job.RetryRewardJob
2026-06-20 06:33:00 DEBUG Calling execute on job sanguo-job-group.destiny-retry-reward
2026-06-20 06:33:00 DEBUG batch acquisition of 0 triggers
2026-06-20 06:33:28 DEBUG batch acquisition of 0 triggers
2026-06-20 06:33:56 DEBUG batch acquisition of 0 triggers
2026-06-20 06:34:22 DEBUG batch acquisition of 0 triggers
2026-06-20 06:34:46 DEBUG batch acquisition of 1 triggers
2026-06-20 06:35:00 DEBUG Producing instance of Job 'sanguo-job-group.destiny-refresh-rank', class=com.linlongyx.sanguo.webgame.quartz.job.RefreshRankJob
2026-06-20 06:35:00 DEBUG batch acquisition of 0 triggers
2026-06-20 06:35:00 DEBUG Calling execute on job sanguo-job-group.destiny-refresh-rank
2026-06-20 06:35:26 DEBUG batch acquisition of 0 triggers
2026-06-20 06:35:51 DEBUG batch acquisition of 1 triggers
2026-06-20 06:36:00 DEBUG Producing instance of Job 'sanguo-job-group.destiny-retry-reward', class=com.linlongyx.sanguo.webgame.quartz.job.RetryRewardJob
2026-06-20 06:36:00 DEBUG Calling execute on job sanguo-job-group.destiny-retry-reward
2026-06-20 06:36:00 DEBUG batch acquisition of 0 triggers
2026-06-20 06:36:27 DEBUG batch acquisition of 0 triggers
2026-06-20 06:36:53 DEBUG batch acquisition of 0 triggers
2026-06-20 06:37:19 DEBUG batch acquisition of 0 triggers
2026-06-20 06:37:48 DEBUG batch acquisition of 0 triggers
2026-06-20 06:38:13 DEBUG batch acquisition of 0 triggers
2026-06-20 06:38:39 DEBUG batch acquisition of 1 triggers
2026-06-20 06:39:00 DEBUG Producing instance of Job 'sanguo-job-group.destiny-retry-reward', class=com.linlongyx.sanguo.webgame.quartz.job.RetryRewardJob
2026-06-20 06:39:00 DEBUG batch acquisition of 0 triggers
2026-06-20 06:39:00 DEBUG Calling execute on job sanguo-job-group.destiny-retry-reward
2026-06-20 06:39:24 DEBUG batch acquisition of 0 triggers
2026-06-20 06:39:53 DEBUG batch acquisition of 1 triggers
2026-06-20 06:40:00 DEBUG Producing instance of Job 'sanguo-job-group.destiny-refresh-rank', class=com.linlongyx.sanguo.webgame.quartz.job.RefreshRankJob
2026-06-20 06:40:00 DEBUG Calling execute on job sanguo-job-group.destiny-refresh-rank
2026-06-20 06:40:00 DEBUG batch acquisition of 0 triggers
2026-06-20 06:40:23 DEBUG batch acquisition of 0 triggers
2026-06-20 06:40:48 DEBUG batch acquisition of 0 triggers
2026-06-20 06:41:18 DEBUG batch acquisition of 0 triggers
2026-06-20 06:41:47 DEBUG batch acquisition of 1 triggers
2026-06-20 06:42:00 DEBUG Producing instance of Job 'sanguo-job-group.destiny-retry-reward', class=com.linlongyx.sanguo.webgame.quartz.job.RetryRewardJob
2026-06-20 06:42:00 DEBUG Calling execute on job sanguo-job-group.destiny-retry-reward
2026-06-20 06:42:00 DEBUG batch acquisition of 0 triggers
2026-06-20 06:42:28 DEBUG batch acquisition of 0 triggers
2026-06-20 06:42:53 DEBUG batch acquisition of 0 triggers
2026-06-20 06:43:17 DEBUG batch acquisition of 0 triggers
2026-06-20 06:43:41 DEBUG batch acquisition of 0 triggers
2026-06-20 06:44:06 DEBUG batch acquisition of 0 triggers
2026-06-20 06:44:35 DEBUG batch acquisition of 1 triggers
2026-06-20 06:45:00 DEBUG Producing instance of Job 'sanguo-job-group.destiny-refresh-rank', class=com.linlongyx.sanguo.webgame.quartz.job.RefreshRankJob
2026-06-20 06:45:00 DEBUG Calling execute on job sanguo-job-group.destiny-refresh-rank
2026-06-20 06:45:00 DEBUG batch acquisition of 1 triggers
2026-06-20 06:45:00 DEBUG Producing instance of Job 'sanguo-job-group.destiny-retry-reward', class=com.linlongyx.sanguo.webgame.quartz.job.RetryRewardJob
2026-06-20 06:45:00 DEBUG batch acquisition of 0 triggers
2026-06-20 06:45:00 DEBUG Calling execute on job sanguo-job-group.destiny-retry-reward
2026-06-20 06:45:24 DEBUG batch acquisition of 0 triggers
2026-06-20 06:45:54 DEBUG batch acquisition of 0 triggers
2026-06-20 06:46:14 INFO  Refreshing org.springframework.context.annotation.AnnotationConfigApplicationContext@7b1d7fff: startup date [Sat Jun 20 06:46:14 EET 2026]; root of context hierarchy
2026-06-20 06:46:14 INFO  Loading XML bean definitions from class path resource [webgame/beans/server-beans.xml]
2026-06-20 06:46:15 INFO  Loading XML bean definitions from class path resource [webgame/beans/data-beans.xml]
2026-06-20 06:46:15 INFO  Loading XML bean definitions from class path resource [webgame/beans/service-beans.xml]
2026-06-20 06:46:15 INFO  Loading XML bean definitions from class path resource [webgame/beans/redis-beans.xml]
2026-06-20 06:46:15 INFO  Loading properties file from file [C:\XxSG\center\target\classes\webgame\props\mysql.properties]
2026-06-20 06:46:15 INFO  Loading properties file from file [C:\XxSG\center\target\classes\webgame\props\redis.properties]
2026-06-20 06:46:15 INFO  Loading properties file from file [C:\XxSG\center\target\classes\webgame\props\webgame.properties]
2026-06-20 06:46:19 WARN  Unknown channel option 'SO_KEEPALIVE' for channel '[id: 0x7f6cfa79]'
2026-06-20 06:46:20 WARN  Unknown channel option 'SO_KEEPALIVE' for channel '[id: 0x51061245]'
2026-06-20 06:46:20 ERROR LogicRmiManager::publish rmi service url: {} rmi://127.0.0.1:19850/crossRankRMI 
2026-06-20 06:46:20 INFO  Using default implementation for ThreadExecutor
2026-06-20 06:46:20 INFO  Job execution threads will use class loader of thread: main
2026-06-20 06:46:20 INFO  Initialized Scheduler Signaller of type: class org.quartz.core.SchedulerSignalerImpl
2026-06-20 06:46:20 INFO  Quartz Scheduler v.2.3.0 created.
2026-06-20 06:46:20 INFO  RAMJobStore initialized.
2026-06-20 06:46:20 INFO  Scheduler meta-data: Quartz Scheduler (v2.3.0) 'DefaultQuartzScheduler' with instanceId 'NON_CLUSTERED'
  Scheduler class: 'org.quartz.core.QuartzScheduler' - running locally.
  NOT STARTED.
  Currently in standby mode.
  Number of jobs executed: 0
  Using thread pool 'org.quartz.simpl.SimpleThreadPool' - with 5 threads.
  Using job-store 'org.quartz.simpl.RAMJobStore' - which does not support persistence. and is not clustered.

2026-06-20 06:46:20 INFO  Quartz scheduler 'DefaultQuartzScheduler' initialized from default resource file in Quartz package: 'quartz.properties'
2026-06-20 06:46:20 INFO  Quartz scheduler version: 2.3.0
2026-06-20 06:46:20 ERROR class com.linlongyx.sanguo.webgame.quartz.QuartzManager ==========开启定时任务管理器================= 
2026-06-20 06:46:20 INFO  Scheduler DefaultQuartzScheduler_$_NON_CLUSTERED started.
2026-06-20 06:46:20 DEBUG batch acquisition of 0 triggers
2026-06-20 06:46:20 DEBUG batch acquisition of 0 triggers
2026-06-20 06:46:20 DEBUG batch acquisition of 0 triggers
2026-06-20 06:46:20 DEBUG batch acquisition of 0 triggers
2026-06-20 06:46:20 DEBUG batch acquisition of 0 triggers
2026-06-20 06:46:20 DEBUG batch acquisition of 0 triggers
2026-06-20 06:46:20 DEBUG batch acquisition of 0 triggers
2026-06-20 06:46:20 DEBUG batch acquisition of 0 triggers
2026-06-20 06:46:23 ERROR LogicRmiManager::lookUpLogicRmi:success lookup logic battle rmi serverId=10000,rmiUrl=rmi://127.0.0.1:17003/crossRankLogicRMI 
2026-06-20 06:46:23 ERROR LogicRmiManager::lookUpLogicRmi:success lookup logic battle rmi serverId=10001,rmiUrl=rmi://127.0.0.1:17005/crossRankLogicRMI 
2026-06-20 06:46:29 ERROR cross server starting 
2026-06-20 06:46:29 ERROR load cross rank data error: cross rank first open or last save error 
2026-06-20 06:46:29 ERROR last battle not exist 
2026-06-20 06:46:29 ERROR load cross race data error: cross race firsttime open or last save error 
2026-06-20 06:46:29 ERROR no towerMap with key  cross_tower in redis 
2026-06-20 06:46:30 ERROR no runewarCache with key  runewar_20260615 in redis, may be first load 
2026-06-20 06:46:30 ERROR readLocalCache over 
2026-06-20 06:46:30 ERROR cross server started  
2026-06-20 06:46:46 DEBUG batch acquisition of 0 triggers
2026-06-20 06:47:15 DEBUG batch acquisition of 0 triggers
2026-06-20 06:47:41 DEBUG batch acquisition of 1 triggers
2026-06-20 06:48:00 DEBUG Producing instance of Job 'sanguo-job-group.destiny-retry-reward', class=com.linlongyx.sanguo.webgame.quartz.job.RetryRewardJob
2026-06-20 06:48:00 DEBUG batch acquisition of 0 triggers
2026-06-20 06:48:00 DEBUG Calling execute on job sanguo-job-group.destiny-retry-reward
2026-06-20 06:48:28 DEBUG batch acquisition of 0 triggers
2026-06-20 06:48:53 DEBUG batch acquisition of 0 triggers
2026-06-20 06:49:22 DEBUG batch acquisition of 0 triggers
2026-06-20 06:49:48 DEBUG batch acquisition of 1 triggers
2026-06-20 06:50:00 DEBUG Producing instance of Job 'sanguo-job-group.destiny-refresh-rank', class=com.linlongyx.sanguo.webgame.quartz.job.RefreshRankJob
2026-06-20 06:50:00 DEBUG batch acquisition of 0 triggers
2026-06-20 06:50:00 DEBUG Calling execute on job sanguo-job-group.destiny-refresh-rank
2026-06-20 06:50:20 INFO  Refreshing org.springframework.context.annotation.AnnotationConfigApplicationContext@7b1d7fff: startup date [Sat Jun 20 06:50:20 EET 2026]; root of context hierarchy
2026-06-20 06:50:20 INFO  Loading XML bean definitions from class path resource [webgame/beans/server-beans.xml]
2026-06-20 06:50:21 INFO  Loading XML bean definitions from class path resource [webgame/beans/data-beans.xml]
2026-06-20 06:50:21 INFO  Loading XML bean definitions from class path resource [webgame/beans/service-beans.xml]
2026-06-20 06:50:21 INFO  Loading XML bean definitions from class path resource [webgame/beans/redis-beans.xml]
2026-06-20 06:50:21 INFO  Loading properties file from file [C:\XxSG\center\target\classes\webgame\props\mysql.properties]
2026-06-20 06:50:21 INFO  Loading properties file from file [C:\XxSG\center\target\classes\webgame\props\redis.properties]
2026-06-20 06:50:21 INFO  Loading properties file from file [C:\XxSG\center\target\classes\webgame\props\webgame.properties]
2026-06-20 06:50:27 WARN  Unknown channel option 'SO_KEEPALIVE' for channel '[id: 0x756587c9]'
2026-06-20 06:50:27 WARN  Unknown channel option 'SO_KEEPALIVE' for channel '[id: 0x42d6bbb6]'
2026-06-20 06:50:28 ERROR LogicRmiManager::publish rmi service url: {} rmi://127.0.0.1:19850/crossRankRMI 
2026-06-20 06:50:28 INFO  Using default implementation for ThreadExecutor
2026-06-20 06:50:28 INFO  Job execution threads will use class loader of thread: main
2026-06-20 06:50:28 INFO  Initialized Scheduler Signaller of type: class org.quartz.core.SchedulerSignalerImpl
2026-06-20 06:50:28 INFO  Quartz Scheduler v.2.3.0 created.
2026-06-20 06:50:28 INFO  RAMJobStore initialized.
2026-06-20 06:50:28 INFO  Scheduler meta-data: Quartz Scheduler (v2.3.0) 'DefaultQuartzScheduler' with instanceId 'NON_CLUSTERED'
  Scheduler class: 'org.quartz.core.QuartzScheduler' - running locally.
  NOT STARTED.
  Currently in standby mode.
  Number of jobs executed: 0
  Using thread pool 'org.quartz.simpl.SimpleThreadPool' - with 5 threads.
  Using job-store 'org.quartz.simpl.RAMJobStore' - which does not support persistence. and is not clustered.

2026-06-20 06:50:28 INFO  Quartz scheduler 'DefaultQuartzScheduler' initialized from default resource file in Quartz package: 'quartz.properties'
2026-06-20 06:50:28 INFO  Quartz scheduler version: 2.3.0
2026-06-20 06:50:28 ERROR class com.linlongyx.sanguo.webgame.quartz.QuartzManager ==========开启定时任务管理器================= 
2026-06-20 06:50:28 DEBUG batch acquisition of 0 triggers
2026-06-20 06:50:28 INFO  Scheduler DefaultQuartzScheduler_$_NON_CLUSTERED started.
2026-06-20 06:50:28 DEBUG batch acquisition of 0 triggers
2026-06-20 06:50:28 DEBUG batch acquisition of 0 triggers
2026-06-20 06:50:32 ERROR LogicRmiManager::lookUpLogicRmi:success lookup logic battle rmi serverId=10001,rmiUrl=rmi://127.0.0.1:17005/crossRankLogicRMI 
2026-06-20 06:50:32 ERROR LogicRmiManager::lookUpLogicRmi:success lookup logic battle rmi serverId=10000,rmiUrl=rmi://127.0.0.1:17003/crossRankLogicRMI 
2026-06-20 06:50:36 ERROR cross server starting 
2026-06-20 06:50:36 ERROR load cross rank data error: cross rank first open or last save error 
2026-06-20 06:50:36 ERROR last battle not exist 
2026-06-20 06:50:36 ERROR load cross race data error: cross race firsttime open or last save error 
2026-06-20 06:50:37 ERROR no towerMap with key  cross_tower in redis 
2026-06-20 06:50:37 ERROR no runewarCache with key  runewar_20260615 in redis, may be first load 
2026-06-20 06:50:37 ERROR readLocalCache over 
2026-06-20 06:50:37 ERROR cross server started  
2026-06-20 06:50:53 DEBUG batch acquisition of 1 triggers
2026-06-20 06:51:00 DEBUG Producing instance of Job 'sanguo-job-group.destiny-retry-reward', class=com.linlongyx.sanguo.webgame.quartz.job.RetryRewardJob
2026-06-20 06:51:00 DEBUG batch acquisition of 0 triggers
2026-06-20 06:51:00 DEBUG Calling execute on job sanguo-job-group.destiny-retry-reward
2026-06-20 06:51:28 DEBUG batch acquisition of 0 triggers
2026-06-20 06:51:53 DEBUG batch acquisition of 0 triggers
2026-06-20 06:52:17 DEBUG batch acquisition of 0 triggers
2026-06-20 06:52:47 DEBUG batch acquisition of 0 triggers
2026-06-20 06:53:10 DEBUG batch acquisition of 0 triggers
2026-06-20 06:53:39 DEBUG batch acquisition of 1 triggers
2026-06-20 06:54:00 DEBUG Producing instance of Job 'sanguo-job-group.destiny-retry-reward', class=com.linlongyx.sanguo.webgame.quartz.job.RetryRewardJob
2026-06-20 06:54:00 DEBUG batch acquisition of 0 triggers
2026-06-20 06:54:00 DEBUG Calling execute on job sanguo-job-group.destiny-retry-reward
2026-06-20 06:54:28 DEBUG batch acquisition of 0 triggers
2026-06-20 06:54:53 DEBUG batch acquisition of 1 triggers
2026-06-20 06:55:00 DEBUG Producing instance of Job 'sanguo-job-group.destiny-refresh-rank', class=com.linlongyx.sanguo.webgame.quartz.job.RefreshRankJob
2026-06-20 06:55:00 DEBUG Calling execute on job sanguo-job-group.destiny-refresh-rank
2026-06-20 06:55:00 DEBUG batch acquisition of 0 triggers
2026-06-20 06:56:50 INFO  Refreshing org.springframework.context.annotation.AnnotationConfigApplicationContext@7b1d7fff: startup date [Sat Jun 20 06:56:50 EET 2026]; root of context hierarchy
2026-06-20 06:56:50 INFO  Loading XML bean definitions from class path resource [webgame/beans/server-beans.xml]
2026-06-20 06:56:50 INFO  Loading XML bean definitions from class path resource [webgame/beans/data-beans.xml]
2026-06-20 06:56:50 INFO  Loading XML bean definitions from class path resource [webgame/beans/service-beans.xml]
2026-06-20 06:56:50 INFO  Loading XML bean definitions from class path resource [webgame/beans/redis-beans.xml]
2026-06-20 06:56:51 INFO  Loading properties file from file [C:\XxSG\center\target\classes\webgame\props\mysql.properties]
2026-06-20 06:56:51 INFO  Loading properties file from file [C:\XxSG\center\target\classes\webgame\props\redis.properties]
2026-06-20 06:56:51 INFO  Loading properties file from file [C:\XxSG\center\target\classes\webgame\props\webgame.properties]
2026-06-20 06:56:53 WARN  Unknown channel option 'SO_KEEPALIVE' for channel '[id: 0x9732725f]'
2026-06-20 06:56:53 WARN  Unknown channel option 'SO_KEEPALIVE' for channel '[id: 0xef9bac6a]'
2026-06-20 06:56:54 ERROR LogicRmiManager::publish rmi service url: {} rmi://127.0.0.1:19850/crossRankRMI 
2026-06-20 06:56:54 INFO  Using default implementation for ThreadExecutor
2026-06-20 06:56:54 INFO  Job execution threads will use class loader of thread: main
2026-06-20 06:56:54 INFO  Initialized Scheduler Signaller of type: class org.quartz.core.SchedulerSignalerImpl
2026-06-20 06:56:54 INFO  Quartz Scheduler v.2.3.0 created.
2026-06-20 06:56:54 INFO  RAMJobStore initialized.
2026-06-20 06:56:54 INFO  Scheduler meta-data: Quartz Scheduler (v2.3.0) 'DefaultQuartzScheduler' with instanceId 'NON_CLUSTERED'
  Scheduler class: 'org.quartz.core.QuartzScheduler' - running locally.
  NOT STARTED.
  Currently in standby mode.
  Number of jobs executed: 0
  Using thread pool 'org.quartz.simpl.SimpleThreadPool' - with 5 threads.
  Using job-store 'org.quartz.simpl.RAMJobStore' - which does not support persistence. and is not clustered.

2026-06-20 06:56:54 INFO  Quartz scheduler 'DefaultQuartzScheduler' initialized from default resource file in Quartz package: 'quartz.properties'
2026-06-20 06:56:54 INFO  Quartz scheduler version: 2.3.0
2026-06-20 06:56:54 ERROR class com.linlongyx.sanguo.webgame.quartz.QuartzManager ==========开启定时任务管理器================= 
2026-06-20 06:56:54 INFO  Scheduler DefaultQuartzScheduler_$_NON_CLUSTERED started.
2026-06-20 06:56:54 DEBUG batch acquisition of 0 triggers
2026-06-20 06:56:54 DEBUG batch acquisition of 0 triggers
2026-06-20 06:56:54 DEBUG batch acquisition of 0 triggers
2026-06-20 06:56:54 DEBUG batch acquisition of 0 triggers
2026-06-20 06:56:54 DEBUG batch acquisition of 0 triggers
2026-06-20 06:56:54 DEBUG batch acquisition of 1 triggers
2026-06-20 06:56:59 ERROR cross server starting 
2026-06-20 06:57:00 DEBUG Producing instance of Job 'sanguo-job-group.destiny-retry-reward', class=com.linlongyx.sanguo.webgame.quartz.job.RetryRewardJob
2026-06-20 06:57:00 DEBUG batch acquisition of 0 triggers
2026-06-20 06:57:00 DEBUG Calling execute on job sanguo-job-group.destiny-retry-reward
2026-06-20 06:57:00 ERROR load cross rank data error: cross rank first open or last save error 
2026-06-20 06:57:00 ERROR last battle not exist 
2026-06-20 06:57:00 ERROR load cross race data error: cross race firsttime open or last save error 
2026-06-20 06:57:00 ERROR no towerMap with key  cross_tower in redis 
2026-06-20 06:57:00 ERROR no runewarCache with key  runewar_20260615 in redis, may be first load 
2026-06-20 06:57:00 ERROR readLocalCache over 
2026-06-20 06:57:00 ERROR cross server started  
2026-06-20 06:57:16 ERROR LogicRmiManager::lookUpLogicRmi:success lookup logic battle rmi serverId=10000,rmiUrl=rmi://127.0.0.1:17003/crossRankLogicRMI 
2026-06-20 06:57:29 DEBUG batch acquisition of 0 triggers
2026-06-20 06:57:41 ERROR LogicRmiManager::lookUpLogicRmi:success lookup logic battle rmi serverId=10001,rmiUrl=rmi://127.0.0.1:17005/crossRankLogicRMI 
2026-06-20 06:57:59 DEBUG batch acquisition of 0 triggers
2026-06-20 06:58:26 DEBUG batch acquisition of 0 triggers
2026-06-20 06:58:54 DEBUG batch acquisition of 0 triggers
2026-06-20 06:59:18 DEBUG batch acquisition of 0 triggers
2026-06-20 06:59:42 DEBUG batch acquisition of 1 triggers
2026-06-20 07:00:00 DEBUG Producing instance of Job 'sanguo-job-group.destiny-refresh-rank', class=com.linlongyx.sanguo.webgame.quartz.job.RefreshRankJob
2026-06-20 07:00:00 DEBUG Calling execute on job sanguo-job-group.destiny-refresh-rank
2026-06-20 07:00:00 DEBUG batch acquisition of 1 triggers
2026-06-20 07:00:00 DEBUG Producing instance of Job 'sanguo-job-group.destiny-retry-reward', class=com.linlongyx.sanguo.webgame.quartz.job.RetryRewardJob
2026-06-20 07:00:00 DEBUG batch acquisition of 0 triggers
2026-06-20 07:00:00 DEBUG Calling execute on job sanguo-job-group.destiny-retry-reward
2026-06-20 07:00:29 DEBUG batch acquisition of 0 triggers
2026-06-20 07:00:58 DEBUG batch acquisition of 0 triggers
2026-06-20 18:04:57 INFO  Refreshing org.springframework.context.annotation.AnnotationConfigApplicationContext@7b1d7fff: startup date [Sat Jun 20 18:04:57 EET 2026]; root of context hierarchy
2026-06-20 18:04:57 INFO  Loading XML bean definitions from class path resource [webgame/beans/server-beans.xml]
2026-06-20 18:04:58 INFO  Loading XML bean definitions from class path resource [webgame/beans/data-beans.xml]
2026-06-20 18:04:58 INFO  Loading XML bean definitions from class path resource [webgame/beans/service-beans.xml]
2026-06-20 18:04:58 INFO  Loading XML bean definitions from class path resource [webgame/beans/redis-beans.xml]
2026-06-20 18:04:58 INFO  Loading properties file from file [C:\XxSG\center\target\classes\webgame\props\mysql.properties]
2026-06-20 18:04:58 INFO  Loading properties file from file [C:\XxSG\center\target\classes\webgame\props\redis.properties]
2026-06-20 18:04:58 INFO  Loading properties file from file [C:\XxSG\center\target\classes\webgame\props\webgame.properties]
2026-06-20 18:05:00 WARN  Unknown channel option 'SO_KEEPALIVE' for channel '[id: 0xfd9346e2]'
2026-06-20 18:05:00 WARN  Unknown channel option 'SO_KEEPALIVE' for channel '[id: 0x3d2efb07]'
2026-06-20 18:05:00 ERROR LogicRmiManager::publish rmi service url: {} rmi://127.0.0.1:19850/crossRankRMI 
2026-06-20 18:05:00 INFO  Using default implementation for ThreadExecutor
2026-06-20 18:05:00 INFO  Job execution threads will use class loader of thread: main
2026-06-20 18:05:00 INFO  Initialized Scheduler Signaller of type: class org.quartz.core.SchedulerSignalerImpl
2026-06-20 18:05:00 INFO  Quartz Scheduler v.2.3.0 created.
2026-06-20 18:05:00 INFO  RAMJobStore initialized.
2026-06-20 18:05:00 INFO  Scheduler meta-data: Quartz Scheduler (v2.3.0) 'DefaultQuartzScheduler' with instanceId 'NON_CLUSTERED'
  Scheduler class: 'org.quartz.core.QuartzScheduler' - running locally.
  NOT STARTED.
  Currently in standby mode.
  Number of jobs executed: 0
  Using thread pool 'org.quartz.simpl.SimpleThreadPool' - with 5 threads.
  Using job-store 'org.quartz.simpl.RAMJobStore' - which does not support persistence. and is not clustered.

2026-06-20 18:05:00 INFO  Quartz scheduler 'DefaultQuartzScheduler' initialized from default resource file in Quartz package: 'quartz.properties'
2026-06-20 18:05:00 INFO  Quartz scheduler version: 2.3.0
2026-06-20 18:05:00 ERROR class com.linlongyx.sanguo.webgame.quartz.QuartzManager ==========开启定时任务管理器================= 
2026-06-20 18:05:00 DEBUG batch acquisition of 0 triggers
2026-06-20 18:05:00 INFO  Scheduler DefaultQuartzScheduler_$_NON_CLUSTERED started.
2026-06-20 18:05:00 DEBUG batch acquisition of 0 triggers
2026-06-20 18:05:00 DEBUG batch acquisition of 0 triggers
2026-06-20 18:05:00 DEBUG batch acquisition of 0 triggers
2026-06-20 18:05:00 DEBUG batch acquisition of 1 triggers
2026-06-20 18:05:00 DEBUG Producing instance of Job 'sanguo-job-group.destiny-refresh-rank', class=com.linlongyx.sanguo.webgame.quartz.job.RefreshRankJob
2026-06-20 18:05:00 DEBUG batch acquisition of 0 triggers
2026-06-20 18:05:00 DEBUG Calling execute on job sanguo-job-group.destiny-refresh-rank
2026-06-20 18:05:00 DEBUG batch acquisition of 0 triggers
2026-06-20 18:05:00 DEBUG batch acquisition of 0 triggers
2026-06-20 18:05:00 DEBUG batch acquisition of 0 triggers
2026-06-20 18:05:03 ERROR cross server starting 
2026-06-20 18:05:04 ERROR no match with id  20260615 in reids create new one 
2026-06-20 18:05:04 ERROR load cross rank data error: cross rank first open or last save error 
2026-06-20 18:05:04 ERROR last battle not exist 
2026-06-20 18:05:04 ERROR load cross race data error: cross race firsttime open or last save error 
2026-06-20 18:05:04 ERROR no towerMap with key  cross_tower in redis 
2026-06-20 18:05:04 ERROR no runewarCache with key  runewar_20260615 in redis, may be first load 
2026-06-20 18:05:04 ERROR readLocalCache over 
2026-06-20 18:05:04 ERROR cross server started  
2026-06-20 18:05:16 ERROR LogicRmiManager::lookUpLogicRmi:success lookup logic battle rmi serverId=10000,rmiUrl=rmi://127.0.0.1:17003/crossRankLogicRMI 
2026-06-20 18:05:25 DEBUG batch acquisition of 0 triggers
2026-06-20 18:05:28 ERROR LogicRmiManager::lookUpLogicRmi:success lookup logic battle rmi serverId=10001,rmiUrl=rmi://127.0.0.1:17005/crossRankLogicRMI 
2026-06-20 18:05:55 DEBUG batch acquisition of 1 triggers
2026-06-20 18:06:00 DEBUG Producing instance of Job 'sanguo-job-group.destiny-retry-reward', class=com.linlongyx.sanguo.webgame.quartz.job.RetryRewardJob
2026-06-20 18:06:00 DEBUG Calling execute on job sanguo-job-group.destiny-retry-reward
2026-06-20 18:06:00 DEBUG batch acquisition of 0 triggers
2026-06-20 18:06:24 DEBUG batch acquisition of 0 triggers
2026-06-20 18:06:52 DEBUG batch acquisition of 0 triggers
2026-06-20 18:07:19 DEBUG batch acquisition of 0 triggers
2026-06-20 18:07:45 DEBUG batch acquisition of 0 triggers
2026-06-20 18:08:11 DEBUG batch acquisition of 0 triggers
2026-06-20 18:08:37 DEBUG batch acquisition of 1 triggers
2026-06-20 18:09:00 DEBUG Producing instance of Job 'sanguo-job-group.destiny-retry-reward', class=com.linlongyx.sanguo.webgame.quartz.job.RetryRewardJob
2026-06-20 18:09:00 DEBUG Calling execute on job sanguo-job-group.destiny-retry-reward
2026-06-20 18:09:00 DEBUG batch acquisition of 0 triggers
2026-06-20 18:09:29 DEBUG batch acquisition of 0 triggers
2026-06-20 18:09:58 DEBUG batch acquisition of 1 triggers
2026-06-20 18:10:00 DEBUG Producing instance of Job 'sanguo-job-group.destiny-refresh-rank', class=com.linlongyx.sanguo.webgame.quartz.job.RefreshRankJob
2026-06-20 18:10:00 DEBUG Calling execute on job sanguo-job-group.destiny-refresh-rank
2026-06-20 18:10:00 DEBUG batch acquisition of 0 triggers
2026-06-20 18:10:23 DEBUG batch acquisition of 0 triggers
2026-06-20 18:10:49 DEBUG batch acquisition of 0 triggers
2026-06-20 18:11:17 DEBUG batch acquisition of 0 triggers
2026-06-20 18:11:47 DEBUG batch acquisition of 1 triggers
2026-06-20 18:12:00 DEBUG Producing instance of Job 'sanguo-job-group.destiny-retry-reward', class=com.linlongyx.sanguo.webgame.quartz.job.RetryRewardJob
2026-06-20 18:12:00 DEBUG Calling execute on job sanguo-job-group.destiny-retry-reward
2026-06-20 18:12:00 DEBUG batch acquisition of 0 triggers
2026-06-20 18:12:26 DEBUG batch acquisition of 0 triggers
2026-06-20 18:12:51 DEBUG batch acquisition of 0 triggers
